// Jest Snapshot v1, https://goo.gl/fbAQLP

exports[`TextSelector component renders TextSelector 1`] = `
<Fragment>
  <input
    name="text"
    onChange={[Function]}
    placeholder="Name"
    type="text"
    value="testing"
  />
</Fragment>
`;
